===== PER_USER_PARAMETERS_MAP =====
Original RowData:
Epoch | All
  Epoch | Any Property.someKey(int) != "34"
Test Translation: 
Starting With RowData:
Epoch | All
  Epoch | Any Property.someKey(int) != "34"
RowData Translated To Expression:
CUQ: Epoch
rootExpression:
OperatorExpression(and)
  OperatorExpression(any)
    OperatorExpression(elementsOfType)
      OperatorExpression(properties)
        AttributeExpression(this)
        StringLiteralValueExpression(someKey)
      ClassLiteralValueExpression(ovation.IntegerValue)
    OperatorExpression(!=)
      AttributeExpression(value)
      Int32LiteralValueExpression(34)
ExpressionTree Translated Back To RowData:
Epoch | All
  Epoch | Any Property.someKey(int) != "34"
Original and translated versions are the same.
Test RowData Serialization: RowData de/serialization succeed.
Test ExpressionTree Serialization: ExpressionTree de/serialization succeed.