===== Reference Value Operator.IS_NULL =====
Original RowData:
Epoch | All
  Epoch | owner.is null is null
Test Translation: 
Starting With RowData:
Epoch | All
  Epoch | owner.is null is null
RowData Translated To Expression:
CUQ: Epoch
rootExpression:
OperatorExpression(and)
  OperatorExpression(isnull)
    AttributeExpression(owner)
ExpressionTree Translated Back To RowData:
Epoch | All
  Epoch | owner.is null is null
Original and translated versions are the same.
Test RowData Serialization: RowData de/serialization succeed.
Test ExpressionTree Serialization: ExpressionTree de/serialization succeed.