===== Note annotation on Epoch =====
Original RowData:
Epoch | All
  Epoch | My Notes Any have Any
    Note | Text == "foo"
Test Translation: 
Starting With RowData:
Epoch | All
  Epoch | My Notes Any have Any
    Note | Text == "foo"
RowData Translated To Expression:
CUQ: Epoch
rootExpression:
OperatorExpression(and)
  OperatorExpression(any)
    OperatorExpression(mynotes)
      AttributeExpression(this)
    OperatorExpression(or)
      OperatorExpression(==)
        AttributeExpression(text)
        StringLiteralValueExpression(foo)
ExpressionTree Translated Back To RowData:
Epoch | All
  Epoch | My Notes Any have Any
    Note | Text == "foo"
Original and translated versions are the same.
Test RowData Serialization: RowData de/serialization succeed.
Test ExpressionTree Serialization: ExpressionTree de/serialization succeed.