===== CollectionOperator.ANY With Two Operands =====
Original RowData:
Epoch | Any
  Epoch | Protocol ID == "abc"
  Epoch | Protocol ID =~~ "xyz"
Test Translation: 
Starting With RowData:
Epoch | Any
  Epoch | Protocol ID == "abc"
  Epoch | Protocol ID =~~ "xyz"
RowData Translated To Expression:
CUQ: Epoch
rootExpression:
OperatorExpression(or)
  OperatorExpression(==)
    AttributeExpression(protocolID)
    StringLiteralValueExpression(abc)
  OperatorExpression(=~~)
    AttributeExpression(protocolID)
    StringLiteralValueExpression(xyz)
ExpressionTree Translated Back To RowData:
Epoch | Any
  Epoch | Protocol ID == "abc"
  Epoch | Protocol ID =~~ "xyz"
Original and translated versions are the same.
Test RowData Serialization: RowData de/serialization succeed.
Test ExpressionTree Serialization: ExpressionTree de/serialization succeed.