===== Note annotation on Epoch =====
Original RowData:
Epoch | All
  Epoch | All Timeline Annotations Any have Any
    TimelineAnnotation | Start Timezone == "America/Chicago"
Test Translation: 
Starting With RowData:
Epoch | All
  Epoch | All Timeline Annotations Any have Any
    TimelineAnnotation | Start Timezone == "America/Chicago"
RowData Translated To Expression:
CUQ: Epoch
rootExpression:
OperatorExpression(and)
  OperatorExpression(any)
    OperatorExpression(timelineannotations)
      AttributeExpression(this)
    OperatorExpression(or)
      OperatorExpression(==)
        AttributeExpression(startTimeZone)
        StringLiteralValueExpression(America/Chicago)
ExpressionTree Translated Back To RowData:
Epoch | All
  Epoch | All Timeline Annotations Any have Any
    TimelineAnnotation | Start Timezone == "America/Chicago"
Original and translated versions are the same.
Test RowData Serialization: RowData de/serialization succeed.
Test ExpressionTree Serialization: ExpressionTree de/serialization succeed.