===== Compound Row NONE NONE =====
Original RowData:
Epoch | None
  Epoch | Responses None have Any
    Response | UUID == "xyz"
Test Translation: 
Starting With RowData:
Epoch | None
  Epoch | Responses None have Any
    Response | UUID == "xyz"
RowData Translated To Expression:
CUQ: Epoch
rootExpression:
OperatorExpression(not)
  OperatorExpression(or)
    OperatorExpression(not)
      OperatorExpression(any)
        AttributeExpression(responses)
        OperatorExpression(or)
          OperatorExpression(==)
            AttributeExpression(uuid)
            StringLiteralValueExpression(xyz)
ExpressionTree Translated Back To RowData:
Epoch | None
  Epoch | Responses None have Any
    Response | UUID == "xyz"
Original and translated versions are the same.
Test RowData Serialization: RowData de/serialization succeed.
Test ExpressionTree Serialization: ExpressionTree de/serialization succeed.