===== PER_USER_OR_CUSTOM_REFERENCE_OPERATOR Nested Thrice CollectionOperator.ALL =====
Original RowData:
Epoch | All
  Epoch | Next Epoch.Next Epoch.Previous Epoch.All Keywords All have Any
    KeywordTag | UUID == "xyz"
Test Translation: 
Starting With RowData:
Epoch | All
  Epoch | Next Epoch.Next Epoch.Previous Epoch.All Keywords All have Any
    KeywordTag | UUID == "xyz"
RowData Translated To Expression:
CUQ: Epoch
rootExpression:
OperatorExpression(and)
  OperatorExpression(all)
    OperatorExpression(keywords)
      OperatorExpression(.)
        OperatorExpression(.)
          AttributeExpression(nextEpoch)
          AttributeExpression(nextEpoch)
        AttributeExpression(previousEpoch)
    OperatorExpression(or)
      OperatorExpression(==)
        AttributeExpression(uuid)
        StringLiteralValueExpression(xyz)
ExpressionTree Translated Back To RowData:
Epoch | All
  Epoch | Next Epoch.Next Epoch.Previous Epoch.All Keywords All have Any
    KeywordTag | UUID == "xyz"
Original and translated versions are the same.
Test RowData Serialization: RowData de/serialization succeed.
Test ExpressionTree Serialization: ExpressionTree de/serialization succeed.