===== Compound Operators In Different Positions =====
Original RowData:
Epoch | None
  Epoch | None
    Epoch | All
      Epoch | Any
        Epoch | Protocol ID =~~ "xyz"
Test Translation: 
Starting With RowData:
Epoch | None
  Epoch | None
    Epoch | All
      Epoch | Any
        Epoch | Protocol ID =~~ "xyz"
RowData Translated To Expression:
CUQ: Epoch
rootExpression:
OperatorExpression(not)
  OperatorExpression(or)
    OperatorExpression(not)
      OperatorExpression(or)
        OperatorExpression(and)
          OperatorExpression(or)
            OperatorExpression(=~~)
              AttributeExpression(protocolID)
              StringLiteralValueExpression(xyz)
ExpressionTree Translated Back To RowData:
Epoch | None
  Epoch | None
    Epoch | All
      Epoch | Any
        Epoch | Protocol ID =~~ "xyz"
Original and translated versions are the same.
Test RowData Serialization: RowData de/serialization succeed.
Test ExpressionTree Serialization: ExpressionTree de/serialization succeed.