===== PER_USER_OR_CUSTOM_REFERENCE_OPERATOR Nested Once CollectionOperator.ANY =====
Original RowData:
Epoch | Any
  Epoch | Next Epoch.All Keywords Any have Any
    KeywordTag | UUID == "xyz"
Test Translation: 
Starting With RowData:
Epoch | Any
  Epoch | Next Epoch.All Keywords Any have Any
    KeywordTag | UUID == "xyz"
RowData Translated To Expression:
CUQ: Epoch
rootExpression:
OperatorExpression(or)
  OperatorExpression(any)
    OperatorExpression(keywords)
      AttributeExpression(nextEpoch)
    OperatorExpression(or)
      OperatorExpression(==)
        AttributeExpression(uuid)
        StringLiteralValueExpression(xyz)
ExpressionTree Translated Back To RowData:
Epoch | Any
  Epoch | Next Epoch.All Keywords Any have Any
    KeywordTag | UUID == "xyz"
Original and translated versions are the same.
Test RowData Serialization: RowData de/serialization succeed.
Test ExpressionTree Serialization: ExpressionTree de/serialization succeed.