===== Compound Row =====
Original RowData:
Epoch | All
  Epoch | Responses All have Any
    Response | UUID == "xyz"
Test Translation: 
Starting With RowData:
Epoch | All
  Epoch | Responses All have Any
    Response | UUID == "xyz"
RowData Translated To Expression:
CUQ: Epoch
rootExpression:
OperatorExpression(and)
  OperatorExpression(all)
    AttributeExpression(responses)
    OperatorExpression(or)
      OperatorExpression(==)
        AttributeExpression(uuid)
        StringLiteralValueExpression(xyz)
ExpressionTree Translated Back To RowData:
Epoch | All
  Epoch | Responses All have Any
    Response | UUID == "xyz"
Original and translated versions are the same.
Test RowData Serialization: RowData de/serialization succeed.
Test ExpressionTree Serialization: ExpressionTree de/serialization succeed.