===== eg_containing_experiments on EpochGroup =====
Original RowData:
EpochGroup | All
  EpochGroup | Containing Experiments Any have Any
    Experiment | notes == "foo"
Test Translation: 
Starting With RowData:
EpochGroup | All
  EpochGroup | Containing Experiments Any have Any
    Experiment | notes == "foo"
RowData Translated To Expression:
CUQ: EpochGroup
rootExpression:
OperatorExpression(and)
  OperatorExpression(any)
    OperatorExpression(eg_containing_experiments)
      AttributeExpression(this)
    OperatorExpression(or)
      OperatorExpression(==)
        AttributeExpression(notes)
        StringLiteralValueExpression(foo)
ExpressionTree Translated Back To RowData:
EpochGroup | All
  EpochGroup | Containing Experiments Any have Any
    Experiment | notes == "foo"
Original and translated versions are the same.
Test RowData Serialization: RowData de/serialization succeed.
Test ExpressionTree Serialization: ExpressionTree de/serialization succeed.