===== Compound Row ANY ANY =====
Original RowData:
Epoch | Any
  Epoch | responses Any have Any
    Response | uuid == "xyz"
Test Translation: 
Starting With RowData:
Epoch | Any
  Epoch | responses Any have Any
    Response | uuid == "xyz"
RowData Translated To Expression:
CUQ: Epoch
rootExpression:
OperatorExpression(or)
  OperatorExpression(any)
    AttributeExpression(responses)
    OperatorExpression(or)
      OperatorExpression(==)
        AttributeExpression(uuid)
        StringLiteralValueExpression(xyz)
ExpressionTree Translated Back To RowData:
Epoch | Any
  Epoch | responses Any have Any
    Response | uuid == "xyz"
Original and translated versions are the same.
Test RowData Serialization: RowData de/serialization succeed.
Test ExpressionTree Serialization: ExpressionTree de/serialization succeed.