===== Reference Value Operator.IS_NOT_NULL =====
Original RowData:
Epoch | All
  Epoch | owner.is not null is not null
Test Translation: 
Starting With RowData:
Epoch | All
  Epoch | owner.is not null is not null
RowData Translated To Expression:
CUQ: Epoch
rootExpression:
OperatorExpression(and)
  OperatorExpression(not)
    OperatorExpression(isnull)
      AttributeExpression(owner)
ExpressionTree Translated Back To RowData:
Epoch | All
  Epoch | owner.is not null is not null
Original and translated versions are the same.
Test RowData Serialization: RowData de/serialization succeed.
Test ExpressionTree Serialization: ExpressionTree de/serialization succeed.