===== Reference isnull() =====
Original RowData:
Epoch | All
  Epoch | nextEpoch.nextEpoch.is null is null
Test Translation: 
Starting With RowData:
Epoch | All
  Epoch | nextEpoch.nextEpoch.is null is null
RowData Translated To Expression:
CUQ: Epoch
rootExpression:
OperatorExpression(and)
  OperatorExpression(isnull)
    OperatorExpression(.)
      AttributeExpression(nextEpoch)
      AttributeExpression(nextEpoch)
ExpressionTree Translated Back To RowData:
Epoch | All
  Epoch | nextEpoch.nextEpoch.is null is null
Original and translated versions are the same.
Test RowData Serialization: RowData de/serialization succeed.
Test ExpressionTree Serialization: ExpressionTree de/serialization succeed.