===== PER_USER_OR_CUSTOM_REFERENCE_OPERATOR CollectionOperator.COUNT =====
Original RowData:
Epoch | All
  Epoch | My Keywords Count == "5"
Test Translation: 
Starting With RowData:
Epoch | All
  Epoch | My Keywords Count == "5"
RowData Translated To Expression:
CUQ: Epoch
rootExpression:
OperatorExpression(and)
  OperatorExpression(==)
    OperatorExpression(count)
      OperatorExpression(mykeywords)
        AttributeExpression(this)
    Int32LiteralValueExpression(5)
ExpressionTree Translated Back To RowData:
Epoch | All
  Epoch | My Keywords Count == "5"
Original and translated versions are the same.
Test RowData Serialization: RowData de/serialization succeed.
Test ExpressionTree Serialization: ExpressionTree de/serialization succeed.