===== PARAMETERS_MAP Nested =====
Original RowData:
Epoch | All
  Epoch | nextEpoch.nextEpoch.previousEpoch.protocolParameters.someKey(float) == "12.3"
Test Translation: 
Starting With RowData:
Epoch | All
  Epoch | nextEpoch.nextEpoch.previousEpoch.protocolParameters.someKey(float) == "12.3"
RowData Translated To Expression:
CUQ: Epoch
rootExpression:
OperatorExpression(and)
  OperatorExpression(==)
    OperatorExpression(.)
      OperatorExpression(as)
        OperatorExpression(parameter)
          OperatorExpression(.)
            OperatorExpression(.)
              OperatorExpression(.)
                AttributeExpression(nextEpoch)
                AttributeExpression(nextEpoch)
              AttributeExpression(previousEpoch)
            AttributeExpression(protocolParameters)
          StringLiteralValueExpression(someKey)
        ClassLiteralValueExpression(ovation.FloatingPointValue)
      AttributeExpression(value)
    Float64LiteralValueExpression(12.3)
ExpressionTree Translated Back To RowData:
Epoch | All
  Epoch | nextEpoch.nextEpoch.previousEpoch.protocolParameters.someKey(float) == "12.3"
Original and translated versions are the same.
Test RowData Serialization: RowData de/serialization succeed.
Test ExpressionTree Serialization: ExpressionTree de/serialization succeed.