===== containing_experiments on Source =====
Original RowData:
Source | All
  Source | Containing Experiments Any have Any
    Experiment | Notes == "foo"
Test Translation: 
Starting With RowData:
Source | All
  Source | Containing Experiments Any have Any
    Experiment | Notes == "foo"
RowData Translated To Expression:
CUQ: Source
rootExpression:
OperatorExpression(and)
  OperatorExpression(any)
    OperatorExpression(containing_experiments)
      AttributeExpression(this)
    OperatorExpression(or)
      OperatorExpression(==)
        AttributeExpression(notes)
        StringLiteralValueExpression(foo)
ExpressionTree Translated Back To RowData:
Source | All
  Source | Containing Experiments Any have Any
    Experiment | Notes == "foo"
Original and translated versions are the same.
Test RowData Serialization: RowData de/serialization succeed.
Test ExpressionTree Serialization: ExpressionTree de/serialization succeed.